[ndceg.com/odeysysportal/login/loginForm.html]
[backblue.gif]
[fade.gif]
[index.html]
[ndceg.com/odeysysportal/static/css/integrated.css]
[ndceg.com/odeysysportal/static/css/main.css]
[ndceg.com/odeysysportal/static/css/company.css]
[cdnjs.cloudflare.com/ajax/libs/Detect.js/2.2.2/detect.min.js]
[cdnjs.cloudflare.com/ajax/libs/crypto-js/4.1.1/crypto-js.min.js]
[ndceg.com/odeysysportal/static/images/logo-new.png]
[ndceg.com/odeysysportal/static/images/login.png]
[ndceg.com/odeysysportal/login/contactUs.html]
[ndceg.com/odeysysportal/login/registerForm.html]
[ndceg.com/odeysysportal/static/images/send.gif]
[ndceg.com/odeysysportal/static/js/integrated.js]
[ndceg.com/odeysysportal/static/js/company.js]
[ndceg.com/odeysysportal/static/js/login.js]
[sealserver.trustwave.com/seal37a8.js]
[ndceg.com/odeysysportal/login/loginForm.html]
[ndceg.com/odeysysportal/static/js/fingerprint-v4.js]
[ndceg.com/odeysysportal/static/css/vendor/bootstrap.css]
[ndceg.com/odeysysportal/static/css/vendor/jquery-ui.min.css]
[ndceg.com/odeysysportal/static/css/vendor/smoothness/jquery-ui.theme.min.css]
[ndceg.com/odeysysportal/static/css/vendor/font-awesome.css]
[ndceg.com/odeysysportal/static/css/vendor/swiper.css]
[ndceg.com/odeysysportal/static/css/vendor/nouislider.css]
[ndceg.com/odeysysportal/static/css/vendor/nouislider.tooltips.css]
[ndceg.com/odeysysportal/static/css/integrated.css]
[ndceg.com/odeysysportal/static/css/vendor/jquery.dataTables.min.css]
[ndceg.com/odeysysportal/static/images/icons/arrow-down-w.png]
[ndceg.com/odeysysportal/static/images/icons/arrow-up-w.png]
[ndceg.com/odeysysportal/static/images/icons/arrow-down.png]
[ndceg.com/odeysysportal/static/css/fonts/Roboto-Light.ttf]
[ndceg.com/odeysysportal/static/css/fonts/Roboto-Regular.ttf]
[ndceg.com/odeysysportal/static/images/icons/left_arrow.png]
[ndceg.com/odeysysportal/static/images/icons/right_arrow.png]
[ndceg.com/odeysysportal/static/images/icons/date_picker_drpdwn_arw.png]
[ndceg.com/odeysysportal/static/images/icons/location_icon.png]
[ndceg.com/odeysysportal/static/images/icons/location_icon_select.png]
[ndceg.com/odeysysportal/static/images/icons/star_icon.png]
[ndceg.com/odeysysportal/static/images/icons/chat.png]
[ndceg.com/odeysysportal/static/images/icons/air_condi_icon.png]
[ndceg.com/odeysysportal/static/images/icons/parking_icon.png]
[ndceg.com/odeysysportal/static/images/icons/gym_icon.png]
[ndceg.com/odeysysportal/static/images/icons/wifi_icon.png]
[ndceg.com/odeysysportal/static/images/icons/swimming_icon.png]
[ndceg.com/odeysysportal/static/images/icons/restaurant_icon.png]
[ndceg.com/odeysysportal/static/images/icons/coffee_shop_icon.png]
[ndceg.com/odeysysportal/static/images/icons/doctor_on_call_icon.png]
[ndceg.com/odeysysportal/static/images/icons/spa_icon.png]
[ndceg.com/odeysysportal/static/images/icons/room_icon.png]
[ndceg.com/odeysysportal/static/images/icons/flight.png]
[ndceg.com/odeysysportal/static/images/icons/change_flights.png]
[ndceg.com/odeysysportal/static/images/icons/share-symbol.png]
[ndceg.com/odeysysportal/static/images/icons/cityview_icon.png]
[ndceg.com/odeysysportal/static/images/icons/soundproof_icon.png]
[ndceg.com/odeysysportal/static/images/icons/newspaper_icon.png]
[ndceg.com/odeysysportal/static/images/icons/safetydeposit_icon.png]
[ndceg.com/odeysysportal/static/images/icons/shops_icon.png]
[ndceg.com/odeysysportal/static/images/icons/nosmoking_icon.png]
[ndceg.com/odeysysportal/static/images/icons/weelchair_icon.png]
[ndceg.com/odeysysportal/static/images/icons/lift_icon.png]
[ndceg.com/odeysysportal/static/images/icons/ironing_icon.png]
[ndceg.com/odeysysportal/static/images/icons/pd_passengers_details.png]
[ndceg.com/odeysysportal/static/images/icons/pd_adult_icon.png]
[ndceg.com/odeysysportal/static/images/icons/pd_personal_details.png]
[ndceg.com/odeysysportal/static/images/icons/pd_meal_preference.png]
[ndceg.com/odeysysportal/static/images/icons/pd_baggage_details.png]
[ndceg.com/odeysysportal/static/images/icons/Payment-details.png]
[ndceg.com/odeysysportal/static/images/icons/payment_method_icon.png]
[ndceg.com/odeysysportal/static/images/icons/wallet_icon.png]
[ndceg.com/odeysysportal/static/images/icons/creditcard_icon.png]
[ndceg.com/odeysysportal/static/images/icons/cash.png]
[ndceg.com/odeysysportal/static/images/icons/other_product_icon.png]
[ndceg.com/odeysysportal/static/images/icons/Upgrade_bus_class.png]
[ndceg.com/odeysysportal/static/images/icons/saveon_hotels.png]
[ndceg.com/odeysysportal/static/images/icons/saveon_cars.png]
[ndceg.com/odeysysportal/static/images/icons/activities-white-icon.png]
[ndceg.com/odeysysportal/static/images/icons/Bookaflight_icon.png]
[ndceg.com/odeysysportal/static/images/icons/helpline_call.png]
[ndceg.com/odeysysportal/static/images/icons/helpline_mail.png]
[ndceg.com/odeysysportal/static/images/icons/PDF_icon.png]
[ndceg.com/odeysysportal/static/images/icons/passenger_icon_.png]
[ndceg.com/odeysysportal/static/images/icons/adult_icon_textbox.png]
[ndceg.com/odeysysportal/static/images/icons/Nationality-icon.png]
[ndceg.com/odeysysportal/static/images/icons/child_icon.png]
[ndceg.com/odeysysportal/static/images/icons/infant_icon.png]
[ndceg.com/odeysysportal/static/images/icons/themes.png]
[ndceg.com/odeysysportal/static/images/icons/cal_icon.png]
[ndceg.com/odeysysportal/static/images/wallet-arrow.png]
[ndceg.com/odeysysportal/static/images/circle_green1.png]
[ndceg.com/odeysysportal/static/images/circle.png]
[ndceg.com/odeysysportal/static/images/email.png]
[ndceg.com/odeysysportal/static/images/password.png]
[ndceg.com/odeysysportal/static/images/avatar.png]
[ndceg.com/odeysysportal/static/images/address.png]
[ndceg.com/odeysysportal/static/images/location.png]
[ndceg.com/odeysysportal/static/images/icons/adult_icon1.png]
[ndceg.com/odeysysportal/static/images/icons/building.png]
[ndceg.com/odeysysportal/static/images/icons/departures-details.png]
[ndceg.com/odeysysportal/static/images/icons/hotel_icon.png]
[ndceg.com/odeysysportal/static/images/icons/insurance_black.png]
[ndceg.com/odeysysportal/static/images/icons/header/visa-grey-icon.png]
[ndceg.com/odeysysportal/static/images/icons/meet_greet_black_icon.png]
[ndceg.com/odeysysportal/static/images/icons/header/activities-greyicon.png]
[ndceg.com/odeysysportal/static/images/icons/cars/car.png]
[ndceg.com/odeysysportal/static/images/icons/packages/package_black.png]
[ndceg.com/odeysysportal/static/static/images/dropdown_arrow.png]
[ndceg.com/odeysysportal/static/css/main.css]
[ndceg.com/odeysysportal/static/images/icons/services/airticket_gray.png]
[ndceg.com/odeysysportal/static/images/icons/services/airticket_white.png]
[ndceg.com/odeysysportal/static/images/icons/services/hotel_gray.png]
[ndceg.com/odeysysportal/static/images/icons/services/hotel_white.png]
[ndceg.com/odeysysportal/static/images/icons/services/holidaypackages_gray.png]
[ndceg.com/odeysysportal/static/images/icons/services/holidaypackages_white.png]
[ndceg.com/odeysysportal/static/images/icons/services/visa_gray.png]
[ndceg.com/odeysysportal/static/images/icons/services/visa_white.png]
[ndceg.com/odeysysportal/static/images/icons/services/insurance_gray.png]
[ndceg.com/odeysysportal/static/images/icons/services/insurance_white.png]
[ndceg.com/odeysysportal/static/images/icons/services/carrental_gray.png]
[ndceg.com/odeysysportal/static/images/icons/services/carrental_white.png]
[ndceg.com/odeysysportal/static/css/company.css]
[ndceg.com/odeysysportal/static/css/flags.css]
[ndceg.com/odeysysportal/phone-code/css/intlTelInput.css]
[ndceg.com/odeysysportal/phone-code/js/intlTelInput.js]
[ndceg.com/odeysysportal/phone-code/js/utils.js]
[ndceg.com/odeysysportal/static/js/validation.js]
[ndceg.com/odeysysportal/login/registerForm.html]
[ndceg.com/odeysysportal/static/js/phonevalidation.js]
[ndceg.com/odeysysportal/static/css/commonDev.css]
[ndceg.com/odeysysportal/static/css/wysihtml5-0.3.0.css]
[ndceg.com/odeysysportal/static/images/flight_bg.jpg]
[ndceg.com/cdn-cgi/scripts/5c5dd728/cloudflare-static/email-decode.min.js]
[ndceg.com/odeysysportal/static/js/vendor/wysihtml5-0.3.0.js]
[ndceg.com/odeysysportal/static/js/vendor/wysihtml5-0.3.0-advanced.js]
[ndceg.com/odeysysportal/login/contactUs.html]
[ndceg.com/odeysysportal/static/css/vendor/bootstrap.css]
[ndceg.com/odeysysportal/static/js/contactUs.js]
[ndceg.com/odeysysportal/static/css/vendor/images/ui-icons_444444_256x240.png]
[ndceg.com/odeysysportal/static/css/vendor/images/ui-icons_777777_256x240.png]
[ndceg.com/odeysysportal/static/css/vendor/images/ui-icons_555555_256x240.png]
[ndceg.com/odeysysportal/static/css/vendor/images/ui-icons_ffffff_256x240.png]
[ndceg.com/odeysysportal/static/css/vendor/images/ui-icons_777620_256x240.png]
[ndceg.com/odeysysportal/static/css/vendor/images/ui-icons_cc0000_256x240.png]
[ndceg.com/odeysysportal/static/css/vendor/jquery-ui.min.css]
[ndceg.com/odeysysportal/static/css/vendor/smoothness/images/ui-icons_444444_256x240.png]
[ndceg.com/odeysysportal/static/css/vendor/smoothness/images/ui-icons_555555_256x240.png]
[ndceg.com/odeysysportal/static/css/vendor/smoothness/images/ui-icons_ffffff_256x240.png]
[ndceg.com/odeysysportal/static/css/vendor/smoothness/images/ui-icons_777620_256x240.png]
[ndceg.com/odeysysportal/static/css/vendor/smoothness/images/ui-icons_cc0000_256x240.png]
[ndceg.com/odeysysportal/static/css/vendor/smoothness/images/ui-icons_777777_256x240.png]
[ndceg.com/odeysysportal/static/css/vendor/smoothness/jquery-ui.theme.min.css]
[ndceg.com/odeysysportal/static/css/vendor/font-awesome.css]
[ndceg.com/odeysysportal/static/css/vendor/swiper.css]
[ndceg.com/odeysysportal/static/css/vendor/nouislider.css]
[ndceg.com/odeysysportal/static/css/vendor/nouislider.tooltips.css]
[ndceg.com/odeysysportal/static/css/images/sort_both.png]
[ndceg.com/odeysysportal/static/css/images/sort_asc.png]
[ndceg.com/odeysysportal/static/css/images/sort_desc.png]
[ndceg.com/odeysysportal/static/css/images/sort_asc_disabled.png]
[ndceg.com/odeysysportal/static/css/images/sort_desc_disabled.png]
[ndceg.com/odeysysportal/static/css/vendor/jquery.dataTables.min.css]
[ndceg.com/odeysysportal/static/images/icons/date_picker_drpdwn_arw.html]
[ndceg.com/odeysysportal/static/images/circle.html]
[ndceg.com/odeysysportal/static/static/images/dropdown_arrow.html]
[ndceg.com/odeysysportal/static/images/flags.png]
[ndceg.com/odeysysportal/static/css/flags.css]
[ndceg.com/odeysysportal/phone-code/img/flags.png]
[ndceg.com/odeysysportal/phone-code/img/flags@2x.png]
[ndceg.com/odeysysportal/phone-code/css/intlTelInput.css]
[ndceg.com/odeysysportal/static/css/commonDev.css]
[ndceg.com/odeysysportal/static/css/wysihtml5-0.3.0.css]
[ndceg.com/odeysysportal/static/css/vendor/images/ui-icons_444444_256x240.html]
[ndceg.com/odeysysportal/static/css/vendor/images/ui-icons_777777_256x240.html]
[ndceg.com/odeysysportal/static/css/vendor/images/ui-icons_555555_256x240.html]
[ndceg.com/odeysysportal/static/css/vendor/images/ui-icons_ffffff_256x240.html]
[ndceg.com/odeysysportal/static/css/vendor/images/ui-icons_777620_256x240.html]
[ndceg.com/odeysysportal/static/css/vendor/images/ui-icons_cc0000_256x240.html]
[ndceg.com/odeysysportal/static/css/images/sort_both.html]
[ndceg.com/odeysysportal/static/css/images/sort_asc.html]
[ndceg.com/odeysysportal/static/css/images/sort_desc.html]
[ndceg.com/odeysysportal/static/css/images/sort_asc_disabled.html]
[ndceg.com/odeysysportal/static/css/images/sort_desc_disabled.html]
